// Jest Snapshot v1, https://goo.gl/fbAQLP

exports[`Color Parser parses named color keywords 1`] = `
"{\\"tag\\":\\"named-color\\",\\"value\\":\\"aliceblue\\"}
{\\"tag\\":\\"named-color\\",\\"value\\":\\"antiquewhite\\"}
{\\"tag\\":\\"named-color\\",\\"value\\":\\"aqua\\"}
{\\"tag\\":\\"named-color\\",\\"value\\":\\"aquamarine\\"}
{\\"tag\\":\\"named-color\\",\\"value\\":\\"azure\\"}
{\\"tag\\":\\"named-color\\",\\"value\\":\\"beige\\"}
{\\"tag\\":\\"named-color\\",\\"value\\":\\"bisque\\"}
{\\"tag\\":\\"named-color\\",\\"value\\":\\"black\\"}
{\\"tag\\":\\"named-color\\",\\"value\\":\\"blanchedalmond\\"}
{\\"tag\\":\\"named-color\\",\\"value\\":\\"blue\\"}
{\\"tag\\":\\"named-color\\",\\"value\\":\\"blueviolet\\"}
{\\"tag\\":\\"named-color\\",\\"value\\":\\"brown\\"}
{\\"tag\\":\\"named-color\\",\\"value\\":\\"burlywood\\"}
{\\"tag\\":\\"named-color\\",\\"value\\":\\"cadetblue\\"}
{\\"tag\\":\\"named-color\\",\\"value\\":\\"chartreuse\\"}
{\\"tag\\":\\"named-color\\",\\"value\\":\\"chocolate\\"}
{\\"tag\\":\\"named-color\\",\\"value\\":\\"coral\\"}
{\\"tag\\":\\"named-color\\",\\"value\\":\\"cornflowerblue\\"}
{\\"tag\\":\\"named-color\\",\\"value\\":\\"cornsilk\\"}
{\\"tag\\":\\"named-color\\",\\"value\\":\\"crimson\\"}
{\\"tag\\":\\"named-color\\",\\"value\\":\\"cyan\\"}
{\\"tag\\":\\"named-color\\",\\"value\\":\\"darkblue\\"}
{\\"tag\\":\\"named-color\\",\\"value\\":\\"darkcyan\\"}
{\\"tag\\":\\"named-color\\",\\"value\\":\\"darkgoldenrod\\"}
{\\"tag\\":\\"named-color\\",\\"value\\":\\"darkgray\\"}
{\\"tag\\":\\"named-color\\",\\"value\\":\\"darkgreen\\"}
{\\"tag\\":\\"named-color\\",\\"value\\":\\"darkgrey\\"}
{\\"tag\\":\\"named-color\\",\\"value\\":\\"darkkhaki\\"}
{\\"tag\\":\\"named-color\\",\\"value\\":\\"darkmagenta\\"}
{\\"tag\\":\\"named-color\\",\\"value\\":\\"darkolivegreen\\"}
{\\"tag\\":\\"named-color\\",\\"value\\":\\"darkorange\\"}
{\\"tag\\":\\"named-color\\",\\"value\\":\\"darkorchid\\"}
{\\"tag\\":\\"named-color\\",\\"value\\":\\"darkred\\"}
{\\"tag\\":\\"named-color\\",\\"value\\":\\"darksalmon\\"}
{\\"tag\\":\\"named-color\\",\\"value\\":\\"darkseagreen\\"}
{\\"tag\\":\\"named-color\\",\\"value\\":\\"darkslateblue\\"}
{\\"tag\\":\\"named-color\\",\\"value\\":\\"darkslategray\\"}
{\\"tag\\":\\"named-color\\",\\"value\\":\\"darkslategrey\\"}
{\\"tag\\":\\"named-color\\",\\"value\\":\\"darkturquoise\\"}
{\\"tag\\":\\"named-color\\",\\"value\\":\\"darkviolet\\"}
{\\"tag\\":\\"named-color\\",\\"value\\":\\"deeppink\\"}
{\\"tag\\":\\"named-color\\",\\"value\\":\\"deepskyblue\\"}
{\\"tag\\":\\"named-color\\",\\"value\\":\\"dimgray\\"}
{\\"tag\\":\\"named-color\\",\\"value\\":\\"dimgrey\\"}
{\\"tag\\":\\"named-color\\",\\"value\\":\\"dodgerblue\\"}
{\\"tag\\":\\"named-color\\",\\"value\\":\\"firebrick\\"}
{\\"tag\\":\\"named-color\\",\\"value\\":\\"floralwhite\\"}
{\\"tag\\":\\"named-color\\",\\"value\\":\\"forestgreen\\"}
{\\"tag\\":\\"named-color\\",\\"value\\":\\"fuchsia\\"}
{\\"tag\\":\\"named-color\\",\\"value\\":\\"gainsboro\\"}
{\\"tag\\":\\"named-color\\",\\"value\\":\\"ghostwhite\\"}
{\\"tag\\":\\"named-color\\",\\"value\\":\\"gold\\"}
{\\"tag\\":\\"named-color\\",\\"value\\":\\"goldenrod\\"}
{\\"tag\\":\\"named-color\\",\\"value\\":\\"gray\\"}
{\\"tag\\":\\"named-color\\",\\"value\\":\\"green\\"}
{\\"tag\\":\\"named-color\\",\\"value\\":\\"greenyellow\\"}
{\\"tag\\":\\"named-color\\",\\"value\\":\\"grey\\"}
{\\"tag\\":\\"named-color\\",\\"value\\":\\"honeydew\\"}
{\\"tag\\":\\"named-color\\",\\"value\\":\\"hotpink\\"}
{\\"tag\\":\\"named-color\\",\\"value\\":\\"indianred\\"}
{\\"tag\\":\\"named-color\\",\\"value\\":\\"indigo\\"}
{\\"tag\\":\\"named-color\\",\\"value\\":\\"ivory\\"}
{\\"tag\\":\\"named-color\\",\\"value\\":\\"khaki\\"}
{\\"tag\\":\\"named-color\\",\\"value\\":\\"lavender\\"}
{\\"tag\\":\\"named-color\\",\\"value\\":\\"lavenderblush\\"}
{\\"tag\\":\\"named-color\\",\\"value\\":\\"lawngreen\\"}
{\\"tag\\":\\"named-color\\",\\"value\\":\\"lemonchiffon\\"}
{\\"tag\\":\\"named-color\\",\\"value\\":\\"lightblue\\"}
{\\"tag\\":\\"named-color\\",\\"value\\":\\"lightcoral\\"}
{\\"tag\\":\\"named-color\\",\\"value\\":\\"lightcyan\\"}
{\\"tag\\":\\"named-color\\",\\"value\\":\\"lightgoldenrodyellow\\"}
{\\"tag\\":\\"named-color\\",\\"value\\":\\"lightgray\\"}
{\\"tag\\":\\"named-color\\",\\"value\\":\\"lightgreen\\"}
{\\"tag\\":\\"named-color\\",\\"value\\":\\"lightgrey\\"}
{\\"tag\\":\\"named-color\\",\\"value\\":\\"lightpink\\"}
{\\"tag\\":\\"named-color\\",\\"value\\":\\"lightsalmon\\"}
{\\"tag\\":\\"named-color\\",\\"value\\":\\"lightseagreen\\"}
{\\"tag\\":\\"named-color\\",\\"value\\":\\"lightskyblue\\"}
{\\"tag\\":\\"named-color\\",\\"value\\":\\"lightslategray\\"}
{\\"tag\\":\\"named-color\\",\\"value\\":\\"lightslategrey\\"}
{\\"tag\\":\\"named-color\\",\\"value\\":\\"lightsteelblue\\"}
{\\"tag\\":\\"named-color\\",\\"value\\":\\"lightyellow\\"}
{\\"tag\\":\\"named-color\\",\\"value\\":\\"lime\\"}
{\\"tag\\":\\"named-color\\",\\"value\\":\\"limegreen\\"}
{\\"tag\\":\\"named-color\\",\\"value\\":\\"linen\\"}
{\\"tag\\":\\"named-color\\",\\"value\\":\\"magenta\\"}
{\\"tag\\":\\"named-color\\",\\"value\\":\\"maroon\\"}
{\\"tag\\":\\"named-color\\",\\"value\\":\\"mediumaquamarine\\"}
{\\"tag\\":\\"named-color\\",\\"value\\":\\"mediumblue\\"}
{\\"tag\\":\\"named-color\\",\\"value\\":\\"mediumorchid\\"}
{\\"tag\\":\\"named-color\\",\\"value\\":\\"mediumpurple\\"}
{\\"tag\\":\\"named-color\\",\\"value\\":\\"mediumseagreen\\"}
{\\"tag\\":\\"named-color\\",\\"value\\":\\"mediumslateblue\\"}
{\\"tag\\":\\"named-color\\",\\"value\\":\\"mediumspringgreen\\"}
{\\"tag\\":\\"named-color\\",\\"value\\":\\"mediumturquoise\\"}
{\\"tag\\":\\"named-color\\",\\"value\\":\\"mediumvioletred\\"}
{\\"tag\\":\\"named-color\\",\\"value\\":\\"midnightblue\\"}
{\\"tag\\":\\"named-color\\",\\"value\\":\\"mintcream\\"}
{\\"tag\\":\\"named-color\\",\\"value\\":\\"mistyrose\\"}
{\\"tag\\":\\"named-color\\",\\"value\\":\\"moccasin\\"}
{\\"tag\\":\\"named-color\\",\\"value\\":\\"navajowhite\\"}
{\\"tag\\":\\"named-color\\",\\"value\\":\\"navy\\"}
{\\"tag\\":\\"named-color\\",\\"value\\":\\"oldlace\\"}
{\\"tag\\":\\"named-color\\",\\"value\\":\\"olive\\"}
{\\"tag\\":\\"named-color\\",\\"value\\":\\"olivedrab\\"}
{\\"tag\\":\\"named-color\\",\\"value\\":\\"orange\\"}
{\\"tag\\":\\"named-color\\",\\"value\\":\\"orangered\\"}
{\\"tag\\":\\"named-color\\",\\"value\\":\\"orchid\\"}
{\\"tag\\":\\"named-color\\",\\"value\\":\\"palegoldenrod\\"}
{\\"tag\\":\\"named-color\\",\\"value\\":\\"palegreen\\"}
{\\"tag\\":\\"named-color\\",\\"value\\":\\"paleturquoise\\"}
{\\"tag\\":\\"named-color\\",\\"value\\":\\"palevioletred\\"}
{\\"tag\\":\\"named-color\\",\\"value\\":\\"papayawhip\\"}
{\\"tag\\":\\"named-color\\",\\"value\\":\\"peachpuff\\"}
{\\"tag\\":\\"named-color\\",\\"value\\":\\"peru\\"}
{\\"tag\\":\\"named-color\\",\\"value\\":\\"pink\\"}
{\\"tag\\":\\"named-color\\",\\"value\\":\\"plum\\"}
{\\"tag\\":\\"named-color\\",\\"value\\":\\"powderblue\\"}
{\\"tag\\":\\"named-color\\",\\"value\\":\\"purple\\"}
{\\"tag\\":\\"named-color\\",\\"value\\":\\"rebeccapurple\\"}
{\\"tag\\":\\"named-color\\",\\"value\\":\\"red\\"}
{\\"tag\\":\\"named-color\\",\\"value\\":\\"rosybrown\\"}
{\\"tag\\":\\"named-color\\",\\"value\\":\\"royalblue\\"}
{\\"tag\\":\\"named-color\\",\\"value\\":\\"saddlebrown\\"}
{\\"tag\\":\\"named-color\\",\\"value\\":\\"salmon\\"}
{\\"tag\\":\\"named-color\\",\\"value\\":\\"sandybrown\\"}
{\\"tag\\":\\"named-color\\",\\"value\\":\\"seagreen\\"}
{\\"tag\\":\\"named-color\\",\\"value\\":\\"seashell\\"}
{\\"tag\\":\\"named-color\\",\\"value\\":\\"sienna\\"}
{\\"tag\\":\\"named-color\\",\\"value\\":\\"silver\\"}
{\\"tag\\":\\"named-color\\",\\"value\\":\\"skyblue\\"}
{\\"tag\\":\\"named-color\\",\\"value\\":\\"slateblue\\"}
{\\"tag\\":\\"named-color\\",\\"value\\":\\"slategray\\"}
{\\"tag\\":\\"named-color\\",\\"value\\":\\"slategrey\\"}
{\\"tag\\":\\"named-color\\",\\"value\\":\\"snow\\"}
{\\"tag\\":\\"named-color\\",\\"value\\":\\"springgreen\\"}
{\\"tag\\":\\"named-color\\",\\"value\\":\\"steelblue\\"}
{\\"tag\\":\\"named-color\\",\\"value\\":\\"tan\\"}
{\\"tag\\":\\"named-color\\",\\"value\\":\\"teal\\"}
{\\"tag\\":\\"named-color\\",\\"value\\":\\"thistle\\"}
{\\"tag\\":\\"named-color\\",\\"value\\":\\"tomato\\"}
{\\"tag\\":\\"named-color\\",\\"value\\":\\"turquoise\\"}
{\\"tag\\":\\"named-color\\",\\"value\\":\\"violet\\"}
{\\"tag\\":\\"named-color\\",\\"value\\":\\"wheat\\"}
{\\"tag\\":\\"named-color\\",\\"value\\":\\"white\\"}
{\\"tag\\":\\"named-color\\",\\"value\\":\\"whitesmoke\\"}
{\\"tag\\":\\"named-color\\",\\"value\\":\\"yellow\\"}
{\\"tag\\":\\"named-color\\",\\"value\\":\\"yellowgreen\\"}"
`;
